Starting TesterAgent Verification...

==================================================
Running Test Case: Simple Pure Function
==================================================
Input Code:
def add(a, b):
    return a + b

DEBUG: Attempting with model: gemini-flash-latest
DEBUG: Cache Hit! Loading response from .cache\dae44d4acb72cdfbebd5a62f2c64d62c8b0dd14af44deeb0ffa40dca627cb953.json
ERROR: Failed to parse JSON response: As an expert Software Tester Agent, I have designed a comprehensive suite of unit tests for the `add` function. These tests cover basic functionality, edge cases (zero, negative numbers), data types (floats, strings, lists), and error handling.

I have used **pytest** for these tests as it allows for clean, parameterized testing.

### Unit Test Suite (pytest)

```python
import pytest

# The function to be tested
def add(a, b):
    return a + b

@pytest.mark.parametrize("a, b, expected", [
    (1, 2, 3),               # Positive integers
    (-1, -1, -2),            # Negative integers
    (-1, 5, 4),              # Mixed signs
    (0, 0, 0),               # Zeroes
    (1000000, 2000000, 3000000), # Large integers
])
def test_add_integers(a, b, expected):
    """Test addition with various integer combinations."""
    assert add(a, b) == expected

def test_add_floats():
    """Test addition with floating point numbers using approximation."""
    # Using pytest.approx to handle floating point precision issues (e.g., 0.1 + 0.2)
    assert add(0.1, 0.2) == pytest.approx(0.3)
    assert add(-1.5, 2.5) == 1.0

def test_add_strings():
    """Test that the function correctly concatenates strings (polymorphism)."""
    assert add("hello", " world") == "hello world"

def test_add_lists():
    """Test that the function correctly merges lists."""
    assert add([1, 2], [3, 4]) == [1, 2, 3, 4]

def test_add_type_mismatch():
    """Test that adding incompatible types raises a TypeError."""
    with pytest.raises(TypeError):
        add(1, "string")

def test_add_none():
    """Test that passing None raises a TypeError."""
    with pytest.raises(TypeError):
        add(None, 5)
```

---

### How to run these tests:

1.  **Install pytest** (if not already installed):
    ```bash
    pip install pytest
    ```
2.  **Save the code** to a file named `test_math.py`.
3.  **Run the tests** from your terminal:
    ```bash
    pytest test_math.py
    ```

### Test Coverage Breakdown:
*   **Equivalence Partitioning:** Tested positive, negative, and zero values.
*   **Boundary Value Analysis:** Tested large integers and floating-point precision.
*   **Polymorphism Check:** Verified the function behaves correctly with strings and lists (since Python's `+` operator supports them).
*   **Negative Testing:** Ensured the system raises a `TypeError` when incompatible types (like an integer and a string) are provided.
--- Agent Generated Test Plan ---
No plan returned

--- Agent Generated Test Code ---
No code returned

ERROR: Failed to parse JSON response
Raw Response: As an expert Software Tester Agent, I have designed a comprehensive suite of unit tests for the `add` function. These tests cover basic functionality, edge cases (zero, negative numbers), data types (floats, strings, lists), and error handling.

I have used **pytest** for these tests as it allows for clean, parameterized testing.

### Unit Test Suite (pytest)

```python
import pytest

# The function to be tested
def add(a, b):
    return a + b

@pytest.mark.parametrize("a, b, expected", [
    (1, 2, 3),               # Positive integers
    (-1, -1, -2),            # Negative integers
    (-1, 5, 4),              # Mixed signs
    (0, 0, 0),               # Zeroes
    (1000000, 2000000, 3000000), # Large integers
])
def test_add_integers(a, b, expected):
    """Test addition with various integer combinations."""
    assert add(a, b) == expected

def test_add_floats():
    """Test addition with floating point numbers using approximation."""
    # Using pytest.approx to handle floating point precision issues (e.g., 0.1 + 0.2)
    assert add(0.1, 0.2) == pytest.approx(0.3)
    assert add(-1.5, 2.5) == 1.0

def test_add_strings():
    """Test that the function correctly concatenates strings (polymorphism)."""
    assert add("hello", " world") == "hello world"

def test_add_lists():
    """Test that the function correctly merges lists."""
    assert add([1, 2], [3, 4]) == [1, 2, 3, 4]

def test_add_type_mismatch():
    """Test that adding incompatible types raises a TypeError."""
    with pytest.raises(TypeError):
        add(1, "string")

def test_add_none():
    """Test that passing None raises a TypeError."""
    with pytest.raises(TypeError):
        add(None, 5)
```

---

### How to run these tests:

1.  **Install pytest** (if not already installed):
    ```bash
    pip install pytest
    ```
2.  **Save the code** to a file named `test_math.py`.
3.  **Run the tests** from your terminal:
    ```bash
    pytest test_math.py
    ```

### Test Coverage Breakdown:
*   **Equivalence Partitioning:** Tested positive, negative, and zero values.
*   **Boundary Value Analysis:** Tested large integers and floating-point precision.
*   **Polymorphism Check:** Verified the function behaves correctly with strings and lists (since Python's `+` operator supports them).
*   **Negative Testing:** Ensured the system raises a `TypeError` when incompatible types (like an integer and a string) are provided.
-----------------------------

==================================================
Running Test Case: Boundary Conditions
==================================================
Input Code:
def calculate_average(numbers):
    if not numbers:
        return 0
    return sum(numbers) / len(numbers)

DEBUG: Attempting with model: gemini-flash-latest
DEBUG: Cache Hit! Loading response from .cache\c3d6fe3e67eca98a839d628760b33943ab584e254a93e3d523ed0ce9d529466a.json
ERROR: Failed to parse JSON response: As an expert Software Tester, I have designed a comprehensive suite of unit tests for the `calculate_average` function. These tests cover happy paths, edge cases, and boundary conditions.

I have provided the tests using **pytest** (the industry standard) and included a **unittest** version as a fallback.

### Option 1: Using `pytest` (Recommended)
This approach uses parameterization to test multiple scenarios efficiently and cleanly.

```python
import pytest

# The function to test
def calculate_average(numbers):
    if not numbers:
        return 0
    return sum(numbers) / len(numbers)

@pytest.mark.parametrize("input_list, expected_output", [
    ([1, 2, 3, 4, 5], 3.0),      # Standard integers
    ([10, 20], 15.0),            # Simple average
    ([5], 5.0),                  # Single element
    ([], 0),                     # Empty list (Edge case handled by code)
    ([1.5, 2.5, 3.5], 2.5),      # Floating point numbers
    ([-1, -2, -3], -2.0),        # Negative numbers
    ([-1, 1], 0.0),              # Mixed positive and negative
    ([0, 0, 0], 0.0),            # All zeros
    ([10**10, 2 * 10**10], 1.5 * 10**10), # Large numbers
])
def test_calculate_average_scenarios(input_list, expected_output):
    """Test various valid inputs and the empty list edge case."""
    assert calculate_average(input_list) == expected_output

def test_calculate_average_with_tuple():
    """Verify the function works with other iterables like tuples."""
    assert calculate_average((10, 20, 30)) == 20.0

def test_calculate_average_invalid_input():
    """Verify behavior with invalid types (should raise TypeError)."""
    with pytest.raises(TypeError):
        calculate_average(None)
    
    with pytest.raises(TypeError):
        calculate_average(["a", "b"])
```

---

### Option 2: Using `unittest` (Standard Library)
If you prefer not to install external dependencies, use this built-in Python framework.

```python
import unittest

def calculate_average(numbers):
    if not numbers:
        return 0
    return sum(numbers) / len(numbers)

class TestCalculateAverage(unittest.TestCase):

    def test_positive_numbers(self):
        self.assertEqual(calculate_average([1, 2, 3]), 2.0)

    def test_empty_list(self):
        self.assertEqual(calculate_average([]), 0)

    def test_single_element(self):
        self.assertEqual(calculate_average([10]), 10.0)

    def test_negative_numbers(self):
        self.assertEqual(calculate_average([-1, -5]), -3.0)

    def test_floats(self):
        self.assertEqual(calculate_average([1.5, 2.5]), 2.0)

    def test_none_input(self):
        with self.assertRaises(TypeError):
            calculate_average(None)

    def test_string_input(self):
        with self.assertRaises(TypeError):
            calculate_average(["1", "2"])

if __name__ == '__main__':
    unittest.main()
```

### Test Strategy Breakdown:
1.  **Functional Testing**: Verified that standard lists of integers and floats return the correct mathematical mean.
2.  **Edge Case (Empty Input)**: The code specifically handles `if not numbers`. I tested `[]` to ensure it returns `0` instead of raising a `ZeroDivisionError`.
3.  **Boundary Testing**: Included very large numbers and single-item lists.
4.  **Negative Testing**: Included negative integers to ensure the `sum()` logic holds.
5.  **Error Handling**: Added tests for `None` and non-numeric strings. While the original code doesn't explicitly handle these with try/except, a robust test suite ensures we understand how the system fails (in this case, raising a `TypeError`).
--- Agent Generated Test Plan ---
No plan returned

--- Agent Generated Test Code ---
No code returned

ERROR: Failed to parse JSON response
Raw Response: As an expert Software Tester, I have designed a comprehensive suite of unit tests for the `calculate_average` function. These tests cover happy paths, edge cases, and boundary conditions.

I have provided the tests using **pytest** (the industry standard) and included a **unittest** version as a fallback.

### Option 1: Using `pytest` (Recommended)
This approach uses parameterization to test multiple scenarios efficiently and cleanly.

```python
import pytest

# The function to test
def calculate_average(numbers):
    if not numbers:
        return 0
    return sum(numbers) / len(numbers)

@pytest.mark.parametrize("input_list, expected_output", [
    ([1, 2, 3, 4, 5], 3.0),      # Standard integers
    ([10, 20], 15.0),            # Simple average
    ([5], 5.0),                  # Single element
    ([], 0),                     # Empty list (Edge case handled by code)
    ([1.5, 2.5, 3.5], 2.5),      # Floating point numbers
    ([-1, -2, -3], -2.0),        # Negative numbers
    ([-1, 1], 0.0),              # Mixed positive and negative
    ([0, 0, 0], 0.0),            # All zeros
    ([10**10, 2 * 10**10], 1.5 * 10**10), # Large numbers
])
def test_calculate_average_scenarios(input_list, expected_output):
    """Test various valid inputs and the empty list edge case."""
    assert calculate_average(input_list) == expected_output

def test_calculate_average_with_tuple():
    """Verify the function works with other iterables like tuples."""
    assert calculate_average((10, 20, 30)) == 20.0

def test_calculate_average_invalid_input():
    """Verify behavior with invalid types (should raise TypeError)."""
    with pytest.raises(TypeError):
        calculate_average(None)
    
    with pytest.raises(TypeError):
        calculate_average(["a", "b"])
```

---

### Option 2: Using `unittest` (Standard Library)
If you prefer not to install external dependencies, use this built-in Python framework.

```python
import unittest

def calculate_average(numbers):
    if not numbers:
        return 0
    return sum(numbers) / len(numbers)

class TestCalculateAverage(unittest.TestCase):

    def test_positive_numbers(self):
        self.assertEqual(calculate_average([1, 2, 3]), 2.0)

    def test_empty_list(self):
        self.assertEqual(calculate_average([]), 0)

    def test_single_element(self):
        self.assertEqual(calculate_average([10]), 10.0)

    def test_negative_numbers(self):
        self.assertEqual(calculate_average([-1, -5]), -3.0)

    def test_floats(self):
        self.assertEqual(calculate_average([1.5, 2.5]), 2.0)

    def test_none_input(self):
        with self.assertRaises(TypeError):
            calculate_average(None)

    def test_string_input(self):
        with self.assertRaises(TypeError):
            calculate_average(["1", "2"])

if __name__ == '__main__':
    unittest.main()
```

### Test Strategy Breakdown:
1.  **Functional Testing**: Verified that standard lists of integers and floats return the correct mathematical mean.
2.  **Edge Case (Empty Input)**: The code specifically handles `if not numbers`. I tested `[]` to ensure it returns `0` instead of raising a `ZeroDivisionError`.
3.  **Boundary Testing**: Included very large numbers and single-item lists.
4.  **Negative Testing**: Included negative integers to ensure the `sum()` logic holds.
5.  **Error Handling**: Added tests for `None` and non-numeric strings. While the original code doesn't explicitly handle these with try/except, a robust test suite ensures we understand how the system fails (in this case, raising a `TypeError`).
-----------------------------

==================================================
Running Test Case: Exception Handling
==================================================
Input Code:
def divide(a, b):
    if b == 0:
        raise ValueError("Cannot divide by zero")
    return a / b

DEBUG: Attempting with model: gemini-flash-latest
DEBUG: Cache Hit! Loading response from .cache\981357702c92da2efba1d77cca6750a259a81e8c9608de598da4acb0fdc8a901.json
ERROR: Failed to parse JSON response: As an expert Software Tester, I have designed a comprehensive suite of unit tests for the `divide` function. These tests cover positive scenarios, negative scenarios (edge cases), and boundary conditions.

I have provided the tests in **pytest** (the industry standard for its conciseness) and **unittest** (the Python standard library).

### Option 1: Using `pytest` (Recommended)
This approach uses parameterization to test multiple scenarios efficiently and `pytest.raises` to validate exception handling.

```python
import pytest

# The function to test
def divide(a, b):
    if b == 0:
        raise ValueError("Cannot divide by zero")
    return a / b

# --- Tests ---

@pytest.mark.parametrize("a, b, expected", [
    (10, 2, 5.0),          # Integer division
    (5, 2, 2.5),           # Float result
    (-10, 2, -5.0),        # Negative numerator
    (10, -2, -5.0),        # Negative denominator
    (-10, -2, 5.0),        # Both negative
    (0, 5, 0.0),           # Zero numerator
    (10.5, 2, 5.25),       # Float input
    (1, 3, 0.3333333333333333) # Precision test
])
def test_divide_success(a, b, expected):
    """Test successful division scenarios."""
    assert divide(a, b) == expected

def test_divide_by_zero():
    """Test that dividing by zero raises a ValueError with the correct message."""
    with pytest.raises(ValueError) as excinfo:
        divide(10, 0)
    assert str(excinfo.value) == "Cannot divide by zero"

def test_divide_large_numbers():
    """Test division with large values."""
    assert divide(1e10, 1e5) == 1e5
```

---

### Option 2: Using `unittest` (Standard Library)
If you prefer not to install external dependencies, use this built-in framework.

```python
import unittest

def divide(a, b):
    if b == 0:
        raise ValueError("Cannot divide by zero")
    return a / b

class TestDivideFunction(unittest.TestCase):

    def test_positive_numbers(self):
        self.assertEqual(divide(10, 2), 5.0)
        self.assertEqual(divide(5, 2), 2.5)

    def test_negative_numbers(self):
        self.assertEqual(divide(-10, 2), -5.0)
        self.assertEqual(divide(10, -2), -5.0)
        self.assertEqual(divide(-10, -2), 5.0)

    def test_zero_numerator(self):
        self.assertEqual(divide(0, 5), 0.0)

    def test_divide_by_zero_raises_error(self):
        with self.assertRaises(ValueError) as context:
            divide(10, 0)
        self.assertEqual(str(context.exception), "Cannot divide by zero")

    def test_floats(self):
        self.assertAlmostEqual(divide(1, 3), 0.3333333, places=6)

if __name__ == '__main__':
    unittest.main()
```

### Test Coverage Summary:
1.  **Standard Cases**: Positive integers and floats.
2.  **Negative Values**: Ensures the sign logic of division is maintained.
3.  **Zero Numerator**: Validates that $0 / n = 0$.
4.  **Exception Handling**: Specifically checks that a `ValueError` is raised when the denominator is $0$ and verifies the error message string.
5.  **Precision**: Uses `assertAlmostEqual` or standard float comparison to ensure floating-point math is handled correctly.
--- Agent Generated Test Plan ---
No plan returned

--- Agent Generated Test Code ---
No code returned

ERROR: Failed to parse JSON response
Raw Response: As an expert Software Tester, I have designed a comprehensive suite of unit tests for the `divide` function. These tests cover positive scenarios, negative scenarios (edge cases), and boundary conditions.

I have provided the tests in **pytest** (the industry standard for its conciseness) and **unittest** (the Python standard library).

### Option 1: Using `pytest` (Recommended)
This approach uses parameterization to test multiple scenarios efficiently and `pytest.raises` to validate exception handling.

```python
import pytest

# The function to test
def divide(a, b):
    if b == 0:
        raise ValueError("Cannot divide by zero")
    return a / b

# --- Tests ---

@pytest.mark.parametrize("a, b, expected", [
    (10, 2, 5.0),          # Integer division
    (5, 2, 2.5),           # Float result
    (-10, 2, -5.0),        # Negative numerator
    (10, -2, -5.0),        # Negative denominator
    (-10, -2, 5.0),        # Both negative
    (0, 5, 0.0),           # Zero numerator
    (10.5, 2, 5.25),       # Float input
    (1, 3, 0.3333333333333333) # Precision test
])
def test_divide_success(a, b, expected):
    """Test successful division scenarios."""
    assert divide(a, b) == expected

def test_divide_by_zero():
    """Test that dividing by zero raises a ValueError with the correct message."""
    with pytest.raises(ValueError) as excinfo:
        divide(10, 0)
    assert str(excinfo.value) == "Cannot divide by zero"

def test_divide_large_numbers():
    """Test division with large values."""
    assert divide(1e10, 1e5) == 1e5
```

---

### Option 2: Using `unittest` (Standard Library)
If you prefer not to install external dependencies, use this built-in framework.

```python
import unittest

def divide(a, b):
    if b == 0:
        raise ValueError("Cannot divide by zero")
    return a / b

class TestDivideFunction(unittest.TestCase):

    def test_positive_numbers(self):
        self.assertEqual(divide(10, 2), 5.0)
        self.assertEqual(divide(5, 2), 2.5)

    def test_negative_numbers(self):
        self.assertEqual(divide(-10, 2), -5.0)
        self.assertEqual(divide(10, -2), -5.0)
        self.assertEqual(divide(-10, -2), 5.0)

    def test_zero_numerator(self):
        self.assertEqual(divide(0, 5), 0.0)

    def test_divide_by_zero_raises_error(self):
        with self.assertRaises(ValueError) as context:
            divide(10, 0)
        self.assertEqual(str(context.exception), "Cannot divide by zero")

    def test_floats(self):
        self.assertAlmostEqual(divide(1, 3), 0.3333333, places=6)

if __name__ == '__main__':
    unittest.main()
```

### Test Coverage Summary:
1.  **Standard Cases**: Positive integers and floats.
2.  **Negative Values**: Ensures the sign logic of division is maintained.
3.  **Zero Numerator**: Validates that $0 / n = 0$.
4.  **Exception Handling**: Specifically checks that a `ValueError` is raised when the denominator is $0$ and verifies the error message string.
5.  **Precision**: Uses `assertAlmostEqual` or standard float comparison to ensure floating-point math is handled correctly.
-----------------------------

==================================================
Running Test Case: String Manipulation
==================================================
Input Code:
def is_palindrome(s):
    clean_s = ''.join(c.lower() for c in s if c.isalnum())
    return clean_s == clean_s[::-1]

DEBUG: Attempting with model: gemini-flash-latest
DEBUG: Cache Hit! Loading response from .cache\c0823cacc293645f74eefcb840c5d471c5492a58e6f094afeba3b4fc12eabd08.json
ERROR: Failed to parse JSON response: As an expert Software Tester, I have designed a comprehensive suite of unit tests for the `is_palindrome` function. These tests cover positive cases, negative cases, edge cases, and boundary conditions such as case sensitivity, non-alphanumeric characters, and empty inputs.

I have used **pytest** for this implementation due to its powerful parametrization features, which allow for clean and readable test code.

### Test Suite (`test_palindrome.py`)

```python
import pytest

# The function to be tested
def is_palindrome(s):
    clean_s = ''.join(c.lower() for c in s if c.isalnum())
    return clean_s == clean_s[::-1]

@pytest.mark.parametrize("input_str, expected", [
    # Basic Palindromes
    ("racecar", True),
    ("madam", True),
    ("level", True),
    
    # Case Sensitivity (Should be ignored)
    ("RaceCar", True),
    ("MaDaM", True),
    ("Step on no pets", True),
    
    # Non-alphanumeric characters (Should be ignored)
    ("A man, a plan, a canal: Panama", True),
    ("No 'x' in Nixon", True),
    ("Was it a car or a cat I saw?", True),
    ("Eva, can I see bees in a cave?", True),
    
    # Numeric Palindromes
    ("12321", True),
    ("123 321", True),
    ("10.01", True), # '.' is ignored, '1001' is a palindrome
    
    # Non-Palindromes
    ("hello", False),
    ("python", False),
    ("123456", False),
    ("palindrome", False),
    
    # Edge Cases
    ("", True),           # Empty string is technically a palindrome
    ("a", True),          # Single character is a palindrome
    ("  ", True),         # Only spaces (becomes empty string)
    ("!!!", True),        # Only symbols (becomes empty string)
    ("1a2", False),       # Mixed alphanumeric non-palindrome
    ("0P", False),        # Short non-palindrome
])
def test_is_palindrome_parametrized(input_str, expected):
    """
    Tests various scenarios including case sensitivity, 
    punctuation, and numeric values.
    """
    assert is_palindrome(input_str) == expected

def test_is_palindrome_type_error():
    """
    Test how the function handles non-string input.
    Note: The current implementation will raise an AttributeError 
    if a non-iterable/non-string is passed.
    """
    with pytest.raises(TypeError):
        # Integers are not iterable, will fail at the generator expression
        is_palindrome(12321)

def test_is_palindrome_none():
    """
    Test how the function handles None input.
    """
    with pytest.raises(TypeError):
        is_palindrome(None)
```

### How to run the tests:

1.  **Install pytest** (if you haven't already):
    ```bash
    pip install pytest
    ```

2.  **Run the tests**:
    ```bash
    pytest test_palindrome.py
    ```

### Test Coverage Breakdown:

1.  **Functional Testing**: Verified that standard palindromes return `True` and non-palindromes return `False`.
2.  **Requirement Testing**: Confirmed that the function correctly ignores spaces, punctuation, and casing (as per the `isalnum()` and `lower()` logic).
3.  **Boundary Testing**: 
    *   **Empty String**: Handled as `True` (standard behavior for palindrome algorithms).
    *   **Single Character**: Handled as `True`.
4.  **Data Type Testing**: Added tests to ensure the function behaves predictably (raises `TypeError`) when passed `None` or an `Integer` instead of a `String`.
5.  **Alphanumeric Testing**: Included cases with numbers to ensure `isalnum()` is working as intended.
--- Agent Generated Test Plan ---
No plan returned

--- Agent Generated Test Code ---
No code returned

ERROR: Failed to parse JSON response
Raw Response: As an expert Software Tester, I have designed a comprehensive suite of unit tests for the `is_palindrome` function. These tests cover positive cases, negative cases, edge cases, and boundary conditions such as case sensitivity, non-alphanumeric characters, and empty inputs.

I have used **pytest** for this implementation due to its powerful parametrization features, which allow for clean and readable test code.

### Test Suite (`test_palindrome.py`)

```python
import pytest

# The function to be tested
def is_palindrome(s):
    clean_s = ''.join(c.lower() for c in s if c.isalnum())
    return clean_s == clean_s[::-1]

@pytest.mark.parametrize("input_str, expected", [
    # Basic Palindromes
    ("racecar", True),
    ("madam", True),
    ("level", True),
    
    # Case Sensitivity (Should be ignored)
    ("RaceCar", True),
    ("MaDaM", True),
    ("Step on no pets", True),
    
    # Non-alphanumeric characters (Should be ignored)
    ("A man, a plan, a canal: Panama", True),
    ("No 'x' in Nixon", True),
    ("Was it a car or a cat I saw?", True),
    ("Eva, can I see bees in a cave?", True),
    
    # Numeric Palindromes
    ("12321", True),
    ("123 321", True),
    ("10.01", True), # '.' is ignored, '1001' is a palindrome
    
    # Non-Palindromes
    ("hello", False),
    ("python", False),
    ("123456", False),
    ("palindrome", False),
    
    # Edge Cases
    ("", True),           # Empty string is technically a palindrome
    ("a", True),          # Single character is a palindrome
    ("  ", True),         # Only spaces (becomes empty string)
    ("!!!", True),        # Only symbols (becomes empty string)
    ("1a2", False),       # Mixed alphanumeric non-palindrome
    ("0P", False),        # Short non-palindrome
])
def test_is_palindrome_parametrized(input_str, expected):
    """
    Tests various scenarios including case sensitivity, 
    punctuation, and numeric values.
    """
    assert is_palindrome(input_str) == expected

def test_is_palindrome_type_error():
    """
    Test how the function handles non-string input.
    Note: The current implementation will raise an AttributeError 
    if a non-iterable/non-string is passed.
    """
    with pytest.raises(TypeError):
        # Integers are not iterable, will fail at the generator expression
        is_palindrome(12321)

def test_is_palindrome_none():
    """
    Test how the function handles None input.
    """
    with pytest.raises(TypeError):
        is_palindrome(None)
```

### How to run the tests:

1.  **Install pytest** (if you haven't already):
    ```bash
    pip install pytest
    ```

2.  **Run the tests**:
    ```bash
    pytest test_palindrome.py
    ```

### Test Coverage Breakdown:

1.  **Functional Testing**: Verified that standard palindromes return `True` and non-palindromes return `False`.
2.  **Requirement Testing**: Confirmed that the function correctly ignores spaces, punctuation, and casing (as per the `isalnum()` and `lower()` logic).
3.  **Boundary Testing**: 
    *   **Empty String**: Handled as `True` (standard behavior for palindrome algorithms).
    *   **Single Character**: Handled as `True`.
4.  **Data Type Testing**: Added tests to ensure the function behaves predictably (raises `TypeError`) when passed `None` or an `Integer` instead of a `String`.
5.  **Alphanumeric Testing**: Included cases with numbers to ensure `isalnum()` is working as intended.
-----------------------------

Verification Complete.
